// Jest Snapshot v1, https://goo.gl/fbAQLP

exports[`Button renders correct html 1`] = `"<button class=\\"css-pdywgc-button\\" type=\\"button\\"><span class=\\"css-1dxly9g-button-icon-wrap\\"><i class=\\"fa fa-plus css-iu6xgj-button-icon\\"></i><span>Click me</span></span></button>"`;

exports[`LinkButton renders correct html 1`] = `"<a class=\\"css-pdywgc-button\\"><span class=\\"css-1dxly9g-button-icon-wrap\\"><i class=\\"fa fa-plus css-iu6xgj-button-icon\\"></i><span>Click me</span></span></a>"`;
